[kenhambuilding.com/index.html]
[backblue.gif]
[fade.gif]
[index.html]
[kenhambuilding.com/assets/css/app3860.css]
[kenhambuilding.com/apple-touch-icon.png]
[kenhambuilding.com/favicon-32x32.png]
[kenhambuilding.com/favicon-16x16.png]
[kenhambuilding.com/assets/images/logo.svg]
[kenhambuilding.com/what-we-do/residential.html]
[kenhambuilding.com/what-we-do/retail.html]
[kenhambuilding.com/what-we-do/hotels.html]
[kenhambuilding.com/what-we-do/maintenance.html]
[kenhambuilding.com/property-refurbishment-companies-london.html]
[kenhambuilding.com/see-our-work.html]
[kenhambuilding.com/be-inspired/thought-pieces.html]
[kenhambuilding.com/be-inspired/instagram-inspiration.html]
[kenhambuilding.com/what-clients-say.html]
[kenhambuilding.com/about-contact/about.html]
[kenhambuilding.com/about-contact/team.html]
[kenhambuilding.com/about-contact/careers]
[kenhambuilding.com/about-contact/contact.html]
[kenhambuilding.com/uploads/images/video-poster.jpg]
[kenhambuilding.com/imager/images/318/pool3000_53b3d4ab409d39f95a72e1c7642d17fd.jpg]
[kenhambuilding.com/imager/images/320/Portland3000_53b3d4ab409d39f95a72e1c7642d17fd.jpg]
[kenhambuilding.com/imager/images/319/cheyne3000_53b3d4ab409d39f95a72e1c7642d17fd.jpg]
[kenhambuilding.com/imager/images/4/home-banner_53b3d4ab409d39f95a72e1c7642d17fd.jpg]
[kenhambuilding.com/uploads/images/k3d.jpg]
[kenhambuilding.com/imager/images/278/davidcohen-127022-unsplash_a7c0755e7dc1ec045ea89f366a35b83f.jpg]
[kenhambuilding.com/be-inspired/thought-pieces/interior-design.html]
[kenhambuilding.com/blog/porcelain-stone.html]
[kenhambuilding.com/imager/images/126/2A-Lonsdale-kitchen_a7c0755e7dc1ec045ea89f366a35b83f.jpg]
[kenhambuilding.com/blog/kitchen-refurbishment.html]
[kenhambuilding.com/imager/images/393/brian-kostiuk-252865-unsplash-Copy_a7c0755e7dc1ec045ea89f366a35b83f.jpg]
[kenhambuilding.com/be-inspired/thought-pieces/tech.html]
[kenhambuilding.com/blog/software-and-the-dark-ages-of-construction.html]
[kenhambuilding.com/privacy-policy.html]
[kenhambuilding.com/terms-conditions.html]
[kenhambuilding.com/assets/js/imagesloaded.pkgd.min.js]
[cdnjs.cloudflare.com/ajax/libs/gsap/1.20.3/TweenMax.min.js]
[kenhambuilding.com/index.html]
[kenhambuilding.com/assets/js/hover.js]
[kenhambuilding.com/assets/images/ajax-loader.gif]
[kenhambuilding.com/assets/images/arrow-left.svg]
[kenhambuilding.com/assets/images/arrow-right.svg]
[kenhambuilding.com/assets/css/images/layers.png]
[kenhambuilding.com/assets/css/images/layers-2x.png]
[kenhambuilding.com/assets/css/images/marker-icon.png]
[kenhambuilding.com/assets/fonts/gt-super/GT-Super-Display-Bold.eot]
[kenhambuilding.com/assets/fonts/gt-super/GT-Super-Display-Boldd41d.eot]
[kenhambuilding.com/assets/fonts/gt-super/GT-Super-Display-Bold.woff2]
[kenhambuilding.com/assets/fonts/gt-super/GT-Super-Display-Bold.woff]
[kenhambuilding.com/assets/fonts/gt-super/GT-Super-Display-Bold.ttf]
[kenhambuilding.com/assets/fonts/gt-esti/GT-Eesti-Text-Bold.eot]
[kenhambuilding.com/assets/fonts/gt-esti/GT-Eesti-Text-Boldd41d.eot]
[kenhambuilding.com/assets/fonts/gt-esti/GT-Eesti-Text-Bold.woff2]
[kenhambuilding.com/assets/fonts/gt-esti/GT-Eesti-Text-Bold.woff]
[kenhambuilding.com/assets/fonts/gt-esti/GT-Eesti-Text-Bold.ttf]
[kenhambuilding.com/assets/fonts/gt-esti/GT-Eesti-Text-Medium.eot]
[kenhambuilding.com/assets/fonts/gt-esti/GT-Eesti-Text-Mediumd41d.eot]
[kenhambuilding.com/assets/fonts/gt-esti/GT-Eesti-Text-Medium.woff2]
[kenhambuilding.com/assets/fonts/gt-esti/GT-Eesti-Text-Medium.woff]
[kenhambuilding.com/assets/fonts/gt-esti/GT-Eesti-Text-Medium.ttf]
[kenhambuilding.com/assets/fonts/gt-esti/GT-Eesti-Text-Regular.eot]
[kenhambuilding.com/assets/fonts/gt-esti/GT-Eesti-Text-Regulard41d.eot]
[kenhambuilding.com/assets/fonts/gt-esti/GT-Eesti-Text-Regular.woff2]
[kenhambuilding.com/assets/fonts/gt-esti/GT-Eesti-Text-Regular.woff]
[kenhambuilding.com/assets/fonts/gt-esti/GT-Eesti-Text-Regular.ttf]
[kenhambuilding.com/assets/images/brand-bar.png]
[kenhambuilding.com/assets/images/yellow-triangle-residential.svg]
[kenhambuilding.com/assets/images/yellow-triangle-retail.svg]
[kenhambuilding.com/assets/images/yellow-triangle-hotels.svg]
[kenhambuilding.com/assets/images/yellow-triangle-maintenance.svg]
[kenhambuilding.com/assets/images/yellow-repeat.jpg]
[kenhambuilding.com/assets/images/green-repeat.jpg]
[kenhambuilding.com/assets/images/red-repeat.png]
[kenhambuilding.com/assets/images/orange-repeat.png]
[kenhambuilding.com/assets/images/triangles-down.png]
[kenhambuilding.com/assets/images/triangles-up.png]
[kenhambuilding.com/assets/images/play-button.svg]
[kenhambuilding.com/assets/images/to-top.svg]
[kenhambuilding.com/assets/images/blue-triangle.svg]
[kenhambuilding.com/assets/images/arrow-up-white.svg]
[kenhambuilding.com/assets/images/arrow-down-white.svg]
[kenhambuilding.com/assets/images/arrow-up-blue.svg]
[kenhambuilding.com/assets/images/arrow-down-blue.svg]
[kenhambuilding.com/assets/css/app3860.css]
[kenhambuilding.com/site.html]
[kenhambuilding.com/assets/images/logo.svg]
[kenhambuilding.com/imager/images/318/pool3000_bf72d13825b19abf0b6a8630a206163e.jpg]
[kenhambuilding.com/luxury-refurbishments-london.html]
[kenhambuilding.com/uploads/images/1-col.jpg]
[kenhambuilding.com/london-basement-conversion.html]
[kenhambuilding.com/london-high-end-construction.html]
[kenhambuilding.com/super-prime-builders.html]
[kenhambuilding.com/uploads/images/lonsdalepool1.jpg]
[kenhambuilding.com/uploads/images/8-Wellington-Reception2.jpg]
[kenhambuilding.com/uploads/images/holland-bath2.jpg]
[kenhambuilding.com/uploads/images/redesuana.jpg]
[kenhambuilding.com/uploads/images/redeloft.jpg]
[kenhambuilding.com/uploads/images/Recep-6-Hi-Res.jpg]
[kenhambuilding.com/what-we-do/residential.html]
[kenhambuilding.com/imager/images/320/Portland3000_bf72d13825b19abf0b6a8630a206163e.jpg]
[kenhambuilding.com/retail-fit-out-companies-london.html]
[kenhambuilding.com/uploads/images/NOT120044_04.jpg]
[kenhambuilding.com/what-we-do/retail.html]
[kenhambuilding.com/imager/images/319/cheyne3000_bf72d13825b19abf0b6a8630a206163e.jpg]
[kenhambuilding.com/uploads/images/hollandfront.jpg]
[kenhambuilding.com/what-we-do/hotels.html]
[kenhambuilding.com/imager/images/4/home-banner_bf72d13825b19abf0b6a8630a206163e.jpg]
[kenhambuilding.com/what-we-do/maintenance.html]
[kenhambuilding.com/imager/images/2366/propertyrefurb2-copy_527e36b684fc8280f2cfe4139cc0f28a.jpg]
[kenhambuilding.com/uploads/images/21-23-Upper-Cheyne-Row-SW3-25.jpg]
[kenhambuilding.com/uploads/images/basement.jpg]
[kenhambuilding.com/uploads/images/8-Wellington-Dining.jpg]
[kenhambuilding.com/uploads/images/Lonsdalepool4.jpg]
[kenhambuilding.com/uploads/images/21-23-Upper-Cheyne-Row-SW3-17.jpg]
[kenhambuilding.com/uploads/images/21-23-Upper-Cheyne-Row-SW3-23.jpg]
[kenhambuilding.com/uploads/images/resi.jpg]
[kenhambuilding.com/uploads/images/21-23-Upper-Cheyne-Row-SW3-11.jpg]
[kenhambuilding.com/uploads/images/18-queensdale-Bed2.jpg]
[kenhambuilding.com/property-refurbishment-companies-london.html]
[kenhambuilding.com/see-our-work/bassett-road.html]
[kenhambuilding.com/uploads/images/49-bassett-rd-4755.jpg]
[kenhambuilding.com/see-our-work/20-lancaster-road.html]
[kenhambuilding.com/uploads/images/3425.jpg]
[kenhambuilding.com/see-our-work/mount-street.html]
[kenhambuilding.com/uploads/images/image00021.jpg]
[kenhambuilding.com/see-our-work/chiswick-works.html]
[kenhambuilding.com/uploads/images/Bollo-006.jpg]
[kenhambuilding.com/see-our-work/blossom-square.html]
[kenhambuilding.com/uploads/images/20200811-BlossomSq-333.jpg]
[kenhambuilding.com/see-our-work/lavington-house-1.html]
[kenhambuilding.com/uploads/images/20200217-LavingtonHouse-373.jpg]
[kenhambuilding.com/see-our-work/queensdale-place.html]
[kenhambuilding.com/uploads/images/18-queensdale-3000.jpg]
[kenhambuilding.com/see-our-work/chelsea-cheyne-construction.html]
[kenhambuilding.com/uploads/images/21-23-Upper-Cheyne-Row-SW3-20.jpg]
[kenhambuilding.com/see-our-work/post-office-re-development.html]
[kenhambuilding.com/uploads/images/Recep-3-Hi-Res.jpg]
[kenhambuilding.com/see-our-work/stunning-mews-houses-development.html]
[kenhambuilding.com/uploads/images/7-wellington-hall.jpg]
[kenhambuilding.com/see-our-work/the-hidden-house.html]
[kenhambuilding.com/see-our-work/period-house-impeccably-refurbished.html]
[kenhambuilding.com/uploads/images/104-Portland-kitchenbig.jpg]
[kenhambuilding.com/see-our-work/westbourne-grove-development.html]
[kenhambuilding.com/uploads/images/173-Westbourne-Grove-W11-311137-extL_RGB_800px.jpg]
[kenhambuilding.com/see-our-work/project-3.html]
[kenhambuilding.com/uploads/images/EXTERIOR-PORTRAIT-retouched.jpg]
[kenhambuilding.com/see-our-work/project-4.html]
[kenhambuilding.com/uploads/images/effie1.jpg]
[kenhambuilding.com/see-our-work/project-2.html]
[kenhambuilding.com/uploads/images/2A-Lonsdale-Carv2.jpg]
[kenhambuilding.com/see-our-work.html]
[kenhambuilding.com/uploads/images/Amazonia-1P_opt.jpg]
[kenhambuilding.com/blog/the-wonder-of-wallpaper.html]
[kenhambuilding.com/uploads/images/HO1.jpg]
[kenhambuilding.com/be-inspired/thought-pieces/lifestyle.html]
[kenhambuilding.com/blog/having-fun-in-your-home-office.html]
[kenhambuilding.com/uploads/images/c69c952cf9d2522ff9a1f1514101303c.jpg]
[kenhambuilding.com/blog/navigating-a-themed-design-scheme.html]
[kenhambuilding.com/uploads/images/nu.jpg]
[kenhambuilding.com/be-inspired/thought-pieces/colour.html]
[kenhambuilding.com/blog/new-year-new-neutrals.html]
[kenhambuilding.com/uploads/images/colourlil.jpg]
[kenhambuilding.com/blog/the-balance-of-colour.html]
[kenhambuilding.com/uploads/images/title.jpg]
[kenhambuilding.com/blog/styling-a-finished-project.html]
[kenhambuilding.com/uploads/images/rain_summer.jpg]
[kenhambuilding.com/blog/seasonal-switch-up.html]
[kenhambuilding.com/uploads/images/Title-image.jpg]
[kenhambuilding.com/blog/dulux-colour-of-the-year-2020-tranquil-dawn.html]
[kenhambuilding.com/uploads/images/london.jpg]
[kenhambuilding.com/blog/popular-areas-for-construction-projects.html]
[kenhambuilding.com/uploads/images/Basment-Image.png]
[kenhambuilding.com/be-inspired/thought-pieces/construction.html]
[kenhambuilding.com/blog/the-should-i-and-how-do-i-of-basement-construction.html]
[kenhambuilding.com/uploads/images/Photo1.png]
[kenhambuilding.com/be-inspired/thought-pieces/budget.html]
[kenhambuilding.com/blog/building-project-budget.html]
[kenhambuilding.com/uploads/images/stephan-bechert-484081-unsplash.jpg]
[kenhambuilding.com/blog/tech-in-the-home.html]
[kenhambuilding.com/uploads/images/brian-kostiuk-252865-unsplash-Copy.jpg]
[kenhambuilding.com/uploads/images/davidcohen-127022-unsplash.jpg]
[kenhambuilding.com/uploads/images/2A-Lonsdale-kitchen.jpg]
[kenhambuilding.com/uploads/images/farewell-summer.jpg]
[kenhambuilding.com/be-inspired/thought-pieces/summer.html]
[kenhambuilding.com/blog/farewell-summer.html]
[kenhambuilding.com/be-inspired/thought-pieces.html]
[kenhambuilding.com/be-inspired/instagram-inspiration.html]
[cdn.lightwidget.com/widgets/lightwidget.js]
[kenhambuilding.com/imager/images/348/18-queensdale-3000bar_527e36b684fc8280f2cfe4139cc0f28a.jpg]
[kenhambuilding.com/what-clients-say.html]
[kenhambuilding.com/imager/images/343/Rede3000_527e36b684fc8280f2cfe4139cc0f28a.jpg]
[kenhambuilding.com/high-end-residential-refurbishment-contractors.html]
[kenhambuilding.com/notting-hill-west-london-builders.html]
[kenhambuilding.com/uploads/images/18-queensdaleKitchenLounge2.jpg]
[kenhambuilding.com/uploads/images/21-23-Upper-Cheyne-Row-SW3-7.jpg]
[kenhambuilding.com/uploads/images/104-Portland-bath.jpg]
[kenhambuilding.com/uploads/images/21-23-Upper-Cheyne-Row-SW3-13.jpg]
[kenhambuilding.com/uploads/images/104-Portland-breakfastbar.jpg]
[kenhambuilding.com/about-contact/about.html]
[kenhambuilding.com/imager/images/5935/PXL_20220728_140112030.MP_220729_090932_1_220729_091212_1_220729_091347_527e36b684fc8280f2cfe4139cc0f28a.jpg]
[kenhambuilding.com/about-contact/team.html]
[kenhambuilding.com/about-contact/careers.html]
[kenhambuilding.com/imager/images/344/Rede3000-chairs_527e36b684fc8280f2cfe4139cc0f28a.jpg]
[kenhambuilding.com/about-contact/contact.html]
[kenhambuilding.com/be-inspired/thought-pieces/interior-design.html]
[kenhambuilding.com/imager/images/278/davidcohen-127022-unsplash_527e36b684fc8280f2cfe4139cc0f28a.jpg]
[kenhambuilding.com/assets/images/email.svg]
[kenhambuilding.com/assets/images/twitter.svg]
[kenhambuilding.com/assets/images/fb.svg]
[kenhambuilding.com/assets/images/pinterest.svg]
[kenhambuilding.com/assets/images/tag.png]
[kenhambuilding.com/blog/porcelain-stone.html]
[kenhambuilding.com/imager/images/126/2A-Lonsdale-kitchen_527e36b684fc8280f2cfe4139cc0f28a.jpg]
[kenhambuilding.com/property-refurbishment-companies-londoneca3.html]
[kenhambuilding.com/be-inspired/thought-pieces/kitchens.html]
[kenhambuilding.com/blog/kitchen-refurbishment.html]
[kenhambuilding.com/be-inspired/thought-pieces/tech.html]
[kenhambuilding.com/imager/images/393/brian-kostiuk-252865-unsplash-Copy_527e36b684fc8280f2cfe4139cc0f28a.jpg]
[kenhambuilding.com/blog/software-and-the-dark-ages-of-construction.html]
[kenhambuilding.com/privacy-policy.html]
[kenhambuilding.com/terms-conditions.html]
[kenhambuilding.com/assets/images/arrow-left.svg]
[kenhambuilding.com/assets/images/arrow-right.svg]
[kenhambuilding.com/assets/css/images/layers.html]
[kenhambuilding.com/assets/css/images/layers-2x.html]
[kenhambuilding.com/assets/css/images/marker-icon.html]
[kenhambuilding.com/assets/images/yellow-triangle-residential.svg]
[kenhambuilding.com/assets/images/yellow-triangle-retail.svg]
[kenhambuilding.com/assets/images/yellow-triangle-hotels.svg]
[kenhambuilding.com/assets/images/yellow-triangle-maintenance.svg]
[kenhambuilding.com/assets/images/play-button.svg]
[kenhambuilding.com/assets/images/to-top.svg]
[kenhambuilding.com/assets/images/blue-triangle.svg]
[kenhambuilding.com/assets/images/arrow-up-white.svg]
[kenhambuilding.com/assets/images/arrow-down-white.svg]
[kenhambuilding.com/assets/images/arrow-up-blue.html]
[kenhambuilding.com/assets/images/arrow-down-blue.html]
[kenhambuilding.com/imager/images/110/Rede-Interior-15_527e36b684fc8280f2cfe4139cc0f28a.jpg]
[kenhambuilding.com/uploads/images/18-queensdale-Bar.jpg]
[kenhambuilding.com/uploads/images/18-queensdale-Bath.jpg]
[kenhambuilding.com/uploads/images/18-queensdale-kidsbed.jpg]
[kenhambuilding.com/luxury-refurbishments-london.html]
[kenhambuilding.com/imager/images/193/Lonsdalepool4_527e36b684fc8280f2cfe4139cc0f28a.jpg]
[kenhambuilding.com/uploads/images/pool3000.jpg]
[kenhambuilding.com/uploads/images/redeTV.jpg]
[kenhambuilding.com/uploads/images/21-23-Upper-Cheyne-Row-SW3-6.jpg]
[kenhambuilding.com/london-basement-conversion.html]
[kenhambuilding.com/imager/images/298/21-23-Upper-Cheyne-Row-SW3-25_527e36b684fc8280f2cfe4139cc0f28a.jpg]
[kenhambuilding.com/uploads/images/18-queensdale-tabletennis.jpg]
[kenhambuilding.com/uploads/images/18-queensdaleFront.jpg]
[kenhambuilding.com/uploads/images/21-23-Upper-Cheyne-Row-SW3-9.jpg]
[kenhambuilding.com/uploads/images/104-Portland-bed.jpg]
[kenhambuilding.com/london-high-end-construction.html]
[kenhambuilding.com/imager/images/186/lonsdalepool1_527e36b684fc8280f2cfe4139cc0f28a.jpg]
[kenhambuilding.com/uploads/images/redebathroom2.jpg]
[kenhambuilding.com/uploads/images/21-23-Upper-Cheyne-Row-SW3-19.jpg]
[kenhambuilding.com/super-prime-builders.html]
[kenhambuilding.com/uploads/images/7-wellington-bed-bath.jpg]
[kenhambuilding.com/imager/images/320/Portland3000_527e36b684fc8280f2cfe4139cc0f28a.jpg]
[kenhambuilding.com/retail-fit-out-companies-london.html]
[kenhambuilding.com/imager/images/5998/49-bassett-rd-4755_527e36b684fc8280f2cfe4139cc0f28a.jpg]
[kenhambuilding.com/uploads/images/The_Lodge_065_lowres.jpg]
[kenhambuilding.com/uploads/images/The_Lodge_052_lowres.jpg]
[kenhambuilding.com/uploads/images/The_Lodge_049_lowres.jpg]
[kenhambuilding.com/uploads/images/Show_Apt__F1_001_lowres-Copy.jpg]
[kenhambuilding.com/uploads/images/Show_Apt__F1_004_lowres-Copy.jpg]
[kenhambuilding.com/uploads/images/The_Lodge_040_lowres.jpg]
[kenhambuilding.com/uploads/images/Show_Apt__F1_049_lowres.jpg]
[kenhambuilding.com/uploads/images/Show_Apt__F1_055_lowres.jpg]
[kenhambuilding.com/see-our-work/bassett-road.html]
[kenhambuilding.com/imager/images/5904/3425_527e36b684fc8280f2cfe4139cc0f28a.jpg]
[kenhambuilding.com/uploads/images/3394.jpg]
[kenhambuilding.com/uploads/images/3408.jpg]
[kenhambuilding.com/uploads/images/3429.jpg]
[kenhambuilding.com/uploads/images/3380.jpg]
[kenhambuilding.com/uploads/images/3454.jpg]
[kenhambuilding.com/uploads/images/3436.jpg]
[kenhambuilding.com/uploads/images/3444.jpg]
[kenhambuilding.com/see-our-work/20-lancaster-road.html]
[kenhambuilding.com/imager/images/5309/image00021_527e36b684fc8280f2cfe4139cc0f28a.jpg]
[kenhambuilding.com/uploads/images/image00034.jpg]
[kenhambuilding.com/uploads/images/image00057.jpg]
[kenhambuilding.com/uploads/images/image00052.jpg]
[kenhambuilding.com/see-our-work/mount-street.html]
[kenhambuilding.com/imager/images/5289/Bollo-006_527e36b684fc8280f2cfe4139cc0f28a.jpg]
[kenhambuilding.com/uploads/images/Copy-of-X_Why-Chiswick-open-day-Final-7449.jpg]
[kenhambuilding.com/uploads/images/Copy-of-X_Why-Chiswick-open-day-Final-7446.jpg]
[kenhambuilding.com/uploads/images/Copy-of-X_Why-Chiswick-open-day-Final-7082.jpg]
[kenhambuilding.com/uploads/images/Copy-of-X_Why-Chiswick-open-day-Final-6992.jpg]
[kenhambuilding.com/see-our-work/chiswick-works.html]
[kenhambuilding.com/imager/images/3724/20200811-BlossomSq-333_527e36b684fc8280f2cfe4139cc0f28a.jpg]
[kenhambuilding.com/uploads/images/20200811-BlossomSq-020.jpg]
[kenhambuilding.com/uploads/images/20200811-BlossomSq-097.jpg]
[kenhambuilding.com/uploads/images/20200811-BlossomSq-151.jpg]
[kenhambuilding.com/uploads/images/20200811-BlossomSq-367.jpg]
[kenhambuilding.com/uploads/images/20200811-BlossomSq-306.jpg]
[kenhambuilding.com/uploads/images/20200811-BlossomSq-375.jpg]
[kenhambuilding.com/uploads/images/20200811-BlossomSq-312.jpg]
[kenhambuilding.com/see-our-work/blossom-square.html]
[kenhambuilding.com/imager/images/2825/20200217-LavingtonHouse-373_527e36b684fc8280f2cfe4139cc0f28a.jpg]
[kenhambuilding.com/uploads/images/20200217-LavingtonHouse-416.jpg]
[kenhambuilding.com/uploads/images/20200217-LavingtonHouse-070.jpg]
[kenhambuilding.com/uploads/images/20200217-LavingtonHouse-331.jpg]
[kenhambuilding.com/uploads/images/20200217-LavingtonHouse-169.jpg]
[kenhambuilding.com/uploads/images/20200217-LavingtonHouse-153.jpg]
[kenhambuilding.com/uploads/images/20200217-LavingtonHouse-062.jpg]
[kenhambuilding.com/uploads/images/20200217-LavingtonHouse-279.jpg]
[kenhambuilding.com/uploads/images/20200217-LavingtonHouse-234.jpg]
[kenhambuilding.com/see-our-work/lavington-house-1.html]
[kenhambuilding.com/imager/images/325/18-queensdale-3000_527e36b684fc8280f2cfe4139cc0f28a.jpg]
[kenhambuilding.com/uploads/images/18-queensdale-pool.jpg]
[kenhambuilding.com/uploads/images/18-queensdale-Dressing.jpg]
[kenhambuilding.com/uploads/images/18-queensdaleGarden.jpg]
[kenhambuilding.com/uploads/images/18-queensdaleKitchenLounge3.jpg]
[kenhambuilding.com/see-our-work/queensdale-place.html]
[kenhambuilding.com/imager/images/287/21-23-Upper-Cheyne-Row-SW3-20_527e36b684fc8280f2cfe4139cc0f28a.jpg]
[kenhambuilding.com/uploads/images/21-23-Upper-Cheyne-Row-SW3-10.jpg]
[kenhambuilding.com/see-our-work/chelsea-cheyne-construction.html]
[kenhambuilding.com/imager/images/222/Recep-3-Hi-Res_527e36b684fc8280f2cfe4139cc0f28a.jpg]
[kenhambuilding.com/uploads/images/Terrace-A-Hi-Res.jpg]
[kenhambuilding.com/uploads/images/Kitchen-1-Hi-Res.jpg]
[kenhambuilding.com/see-our-work/post-office-re-development.html]
[kenhambuilding.com/imager/images/205/7-wellington-hall_527e36b684fc8280f2cfe4139cc0f28a.jpg]
[kenhambuilding.com/uploads/images/7-wellington-lounge.jpg]
[kenhambuilding.com/uploads/images/9-wellington-bath2.jpg]
[kenhambuilding.com/uploads/images/9-wellington-close-325212-rec2_RGB.jpg]
[kenhambuilding.com/uploads/images/9-wellington-external2.jpg]
[kenhambuilding.com/uploads/images/8-Wellington-terrace.jpg]
[kenhambuilding.com/see-our-work/stunning-mews-houses-development.html]
[kenhambuilding.com/uploads/images/Lonsdalekitchen.jpg]
[kenhambuilding.com/uploads/images/Lonsdalebathroom3.jpg]
[kenhambuilding.com/uploads/images/Lonsdalekitchen2.jpg]
[kenhambuilding.com/uploads/images/Lonsdaleexterior.jpg]
[kenhambuilding.com/uploads/images/Lonsdalecorner.jpg]
[kenhambuilding.com/see-our-work/the-hidden-house.html]
[kenhambuilding.com/imager/images/174/104-Portland-kitchenbig_527e36b684fc8280f2cfe4139cc0f28a.jpg]
[kenhambuilding.com/uploads/images/104-Portland-living.jpg]
[kenhambuilding.com/uploads/images/104-Portland-storageunits.jpg]
[kenhambuilding.com/uploads/images/104-Portland-kitchen.jpg]
[kenhambuilding.com/uploads/images/104-Portland-bedv2.jpg]
[kenhambuilding.com/see-our-work/period-house-impeccably-refurbished.html]
[kenhambuilding.com/imager/images/161/173-Westbourne-Grove-W11-311137-extL_RGB_800px_527e36b684fc8280f2cfe4139cc0f28a.jpg]
[kenhambuilding.com/uploads/images/173-Westbourne-Grove-W11-311137-stairsP_RGB_800px.jpg]
[kenhambuilding.com/uploads/images/173-Westbourne-Grove-W11-311137-terr_RGB_800px.jpg]
[kenhambuilding.com/uploads/images/173-Westbourne-lounge.jpg]
[kenhambuilding.com/uploads/images/173-Westbourne-Grove-hall.jpg]
[kenhambuilding.com/uploads/images/173-Westbourne-Grove-kitchen.jpg]
[kenhambuilding.com/uploads/images/173-Westbourne-bedroom3.jpg]
[kenhambuilding.com/uploads/images/173-Westbourne-Grove-bathroom.jpg]
[kenhambuilding.com/uploads/images/173-Westbourne-Grove-bedroom.jpg]
[kenhambuilding.com/see-our-work/westbourne-grove-development.html]
[kenhambuilding.com/imager/images/5925/EXTERIOR-PORTRAIT-retouched_527e36b684fc8280f2cfe4139cc0f28a.jpg]
[kenhambuilding.com/uploads/images/hollandlounge2.jpg]
[kenhambuilding.com/uploads/images/hollandroom2.jpg]
[kenhambuilding.com/uploads/images/holand-tennis2.jpg]
[kenhambuilding.com/uploads/images/holland-exterior2.jpg]
[kenhambuilding.com/see-our-work/project-3.html]
[kenhambuilding.com/imager/images/136/effie1_527e36b684fc8280f2cfe4139cc0f28a.jpg]
[kenhambuilding.com/uploads/images/effie3.jpg]
[kenhambuilding.com/uploads/images/effiebathroom.jpg]
[kenhambuilding.com/uploads/images/effiekitchen.jpg]
[kenhambuilding.com/uploads/images/effie2.jpg]
[kenhambuilding.com/see-our-work/project-4.html]
[kenhambuilding.com/imager/images/120/2A-Lonsdale-Carv2_527e36b684fc8280f2cfe4139cc0f28a.jpg]
[kenhambuilding.com/uploads/images/2A-Lonsdale-bathroom.jpg]
[kenhambuilding.com/uploads/images/2A-Lonsdale-bedroom.jpg]
[kenhambuilding.com/uploads/images/2A-Lonsdale-loungekitchenv2.jpg]
[kenhambuilding.com/uploads/images/2A-Lonsdale-smallbedroom2.jpg]
[kenhambuilding.com/uploads/images/2A-Lonsdale-dining.jpg]
[kenhambuilding.com/see-our-work/project-2.html]
[kenhambuilding.com/uploads/images/poolportrait3000.jpg]
[kenhambuilding.com/imager/images/3045/Amazonia-1P_opt_527e36b684fc8280f2cfe4139cc0f28a.jpg]
[kenhambuilding.com/see-our-work/project-1]
[kenhambuilding.com/uploads/images/paradise-lost.-interior-by-abh-interiors-1.jpg]
[kenhambuilding.com/uploads/images/Flamingos.-Photography-by-Douglas-Friedman-2.jpg]
[kenhambuilding.com/uploads/images/3-1.jpg]
[kenhambuilding.com/uploads/images/wp-2.jpg]
[kenhambuilding.com/blog/the-wonder-of-wallpaper.html]
[kenhambuilding.com/be-inspired/thought-pieces/lifestyle.html]
[kenhambuilding.com/imager/images/2970/HO1_527e36b684fc8280f2cfe4139cc0f28a.jpg]
[kenhambuilding.com/uploads/images/zoom.jpg]
[kenhambuilding.com/uploads/images/work_and_kids-1024x683.jpg]
[kenhambuilding.com/blog/having-fun-in-your-home-office.html]
[kenhambuilding.com/imager/images/2897/c69c952cf9d2522ff9a1f1514101303c_527e36b684fc8280f2cfe4139cc0f28a.jpg]
[kenhambuilding.com/uploads/images/190805173209-cara-poppy-delevingne-4.jpg]
[kenhambuilding.com/uploads/images/AD090119_DELEVIGNE_DN_16.jpg]
[kenhambuilding.com/uploads/images/99cdb55a814eee3c03bd9f2cbc918e64.jpg]
[kenhambuilding.com/uploads/images/charming-kids-bedroom-ideas-with-jungle-theme-to-try17.jpg]
[kenhambuilding.com/blog/navigating-a-themed-design-scheme.html]
[kenhambuilding.com/be-inspired/thought-pieces/colour.html]
[kenhambuilding.com/imager/images/2674/nu_527e36b684fc8280f2cfe4139cc0f28a.jpg]
[kenhambuilding.com/uploads/images/neur.jpg]
[kenhambuilding.com/uploads/images/neut.jpg]
[kenhambuilding.com/uploads/images/head.jpg]
[kenhambuilding.com/uploads/images/Neutrals_200123_085531.jpg]
[kenhambuilding.com/blog/new-year-new-neutrals.html]
[kenhambuilding.com/imager/images/2492/colourlil_527e36b684fc8280f2cfe4139cc0f28a.jpg]
[kenhambuilding.com/uploads/images/coococ.jpg]
[kenhambuilding.com/uploads/images/colour.jpg]
[kenhambuilding.com/uploads/images/plants.jpg]
[kenhambuilding.com/blog/the-balance-of-colour.html]
[kenhambuilding.com/imager/images/2291/title_527e36b684fc8280f2cfe4139cc0f28a.jpg]
[kenhambuilding.com/uploads/images/Sink.jpg]
[kenhambuilding.com/uploads/images/accessories.jpg]
[kenhambuilding.com/uploads/images/layering1.jpg]
[kenhambuilding.com/blog/styling-a-finished-project.html]
[kenhambuilding.com/imager/images/2035/rain_summer_527e36b684fc8280f2cfe4139cc0f28a.jpg]
[kenhambuilding.com/uploads/images/dog.jpg]
[kenhambuilding.com/uploads/images/Capture.jpg]
[kenhambuilding.com/uploads/images/peacock.jpg]
[kenhambuilding.com/uploads/images/Peacock-Blue.jpg]
[kenhambuilding.com/uploads/images/Neutrals.jpg]
[kenhambuilding.com/uploads/images/purple.jpg]
[kenhambuilding.com/uploads/images/purple.jpg2.jpg]
[kenhambuilding.com/uploads/images/black-on-black.jpg]
[kenhambuilding.com/uploads/images/black-wood.jpg]
[kenhambuilding.com/uploads/images/black-3.jpg]
[kenhambuilding.com/blog/seasonal-switch-up.html]
[kenhambuilding.com/imager/images/1894/Title-image_527e36b684fc8280f2cfe4139cc0f28a.jpg]
[kenhambuilding.com/uploads/images/1.jpg]
[kenhambuilding.com/uploads/images/2.jpg]
[kenhambuilding.com/uploads/images/3.jpg]
[kenhambuilding.com/blog/dulux-colour-of-the-year-2020-tranquil-dawn.html]
[kenhambuilding.com/imager/images/670/london_527e36b684fc8280f2cfe4139cc0f28a.jpg]
[kenhambuilding.com/be-inspired/thought-pieces/index.html]
[kenhambuilding.com/blog/popular-areas-for-construction-projects.html]
[kenhambuilding.com/be-inspired/thought-pieces/construction.html]
[kenhambuilding.com/blog/the-should-i-and-how-do-i-of-basement-construction.html]
[kenhambuilding.com/be-inspired/thought-pieces/budget.html]
[kenhambuilding.com/blog/building-project-budget.html]
[kenhambuilding.com/blog/tech-in-the-home.html]
[kenhambuilding.com/be-inspired/thought-pieces/summer.html]
[kenhambuilding.com/blog/farewell-summer.html]
[kenhambuilding.com/high-end-residential-refurbishment-contractors.html]
[kenhambuilding.com/notting-hill-west-london-builders.html]
[kenhambuilding.com/assets/images/email.svg]
[kenhambuilding.com/assets/images/twitter.svg]
[kenhambuilding.com/assets/images/fb.svg]
[kenhambuilding.com/assets/images/pinterest.svg]
[kenhambuilding.com/property-refurbishment-companies-londoneca3.html]
[kenhambuilding.com/be-inspired/thought-pieces/kitchens.html]
[kenhambuilding.com/see-our-work/project-1]
[kenhambuilding.com/be-inspired/thought-pieces/index.html]
[kenhambuilding.com/property-refurbishment-companies-london83a7.html]
[kenhambuilding.com/assets/js/three.min.js]
[kenhambuilding.com/assets/js/app5e1f.js]
[kenhambuilding.com/uploads/images/Copy-of-X_Why-Chiswick-open-day-Final-7147.jpg]
[kenhambuilding.com/uploads/images/Copy-of-X_Why-Chiswick-open-day-Final-7033.jpg]
[kenhambuilding.com/uploads/images/Copy-of-X_Why-Chiswick-open-day-Final-7007.jpg]
[kenhambuilding.com/uploads/images/20200217-LavingtonHouse-259.jpg]
[kenhambuilding.com/uploads/images/20200217-LavingtonHouse-345.jpg]
[kenhambuilding.com/uploads/images/Recep-2-Hi-Res.jpg]
[kenhambuilding.com/uploads/images/7-wellington-bed2.jpg]
[kenhambuilding.com/uploads/images/Lonsdalelounge3.jpg]
